
> work-bridge-system@0.1.0 build
> next build

Γû▓ Next.js 16.1.6 (Turbopack)
- Environments: .env.local

ΓÜá The "middleware" file convention is deprecated. Please use "proxy" instead. Learn more: https://nextjs.org/docs/messages/middleware-to-proxy
  Creating an optimized production build ...
/*! ≡ƒî╝ daisyUI 5.5.19 */
Found 1 warning while optimizing generated CSS:

Γöé   }
Γöé }
Γöé @daisyui {
Γöå         ^-- Unknown at rule: @daisyui
Γöå
Γöé   themes: light, dark, cupcake;
Γöé }

Γ£ô Compiled successfully in 4.3min
  Running TypeScript ...
Failed to compile.

.next/dev/types/validator.ts:414:31
Type error: Type 'typeof import("D:/Projects/work-bridge/src/app/api/employer/applications/[id]/route")' does not satisfy the constraint 'RouteHandlerConfig<"/api/employer/applications/[id]">'.
  Types of property 'PATCH' are incompatible.
    Type '(request: Request, { params }: { params: { id: string; }; }) => Promise<NextResponse<{ error: string; }> | NextResponse<{ success: boolean; item: any; }>>' is not assignable to type '(request: NextRequest, context: { params: Promise<{ id: string; }>; }) => void | Response | Promise<void | Response>'.
      Types of parameters '__1' and 'context' are incompatible.
        Type '{ params: Promise<{ id: string; }>; }' is not assignable to type '{ params: { id: string; }; }'.
          Types of property 'params' are incompatible.
            Property 'id' is missing in type 'Promise<{ id: string; }>' but required in type '{ id: string; }'.

  412 |   type __IsExpected<Specific extends RouteHandlerConfig<"/api/employer/applications/[id]">> = Specific
  413 |   const handler = {} as typeof import("../../../src/app/api/employer/applications/[id]/route.js")
> 414 |   type __Check = __IsExpected<typeof handler>
      |                               ^
  415 |   // @ts-ignore
  416 |   type __Unused = __Check
  417 | }
Next.js build worker exited with code: 1 and signal: null
